// Jest Snapshot v1, https://goo.gl/fbAQLP

exports[`Footer component should match the snapshot 1`] = `"<footer class=\\"footer\\"></footer>"`;
